127.0.0.1 - - [06/Feb/2019:11:44:43 +0530] "GET / HTTP/1.1" 404 1074
127.0.0.1 - - [06/Feb/2019:11:44:44 +0530] "GET /FundooNote/ HTTP/1.1" 200 52
0:0:0:0:0:0:0:1 - - [06/Feb/2019:11:44:49 +0530] "POST /FundooNote/createnote?id=2 HTTP/1.1" 500 18713
0:0:0:0:0:0:0:1 - - [06/Feb/2019:11:45:40 +0530] "POST /FundooNote/createnote?id=6 HTTP/1.1" 500 18713
127.0.0.1 - - [06/Feb/2019:11:46:52 +0530] "GET / HTTP/1.1" 404 1074
127.0.0.1 - - [06/Feb/2019:11:46:52 +0530] "GET /FundooNote/WEB-INF/classes/com/bridgelabz/spring/service/NoteServiceImpl.java HTTP/1.1" 404 1047
127.0.0.1 - - [06/Feb/2019:11:52:09 +0530] "GET / HTTP/1.1" 404 1074
127.0.0.1 - - [06/Feb/2019:11:52:09 +0530] "GET /FundooNote/ HTTP/1.1" 200 52
0:0:0:0:0:0:0:1 - - [06/Feb/2019:11:54:15 +0530] "POST /FundooNote/register HTTP/1.1" 200 27
127.0.0.1 - - [06/Feb/2019:11:57:19 +0530] "GET / HTTP/1.1" 404 1074
127.0.0.1 - - [06/Feb/2019:11:57:20 +0530] "GET /FundooNote/ HTTP/1.1" 200 52
0:0:0:0:0:0:0:1 - - [06/Feb/2019:11:57:39 +0530] "POST /FundooNote/register?id=1 HTTP/1.1" 409 22
0:0:0:0:0:0:0:1 - - [06/Feb/2019:11:58:14 +0530] "POST /FundooNote/createnote?id=1 HTTP/1.1" 500 12100
127.0.0.1 - - [06/Feb/2019:12:01:31 +0530] "GET / HTTP/1.1" 404 1074
127.0.0.1 - - [06/Feb/2019:12:01:32 +0530] "GET /FundooNote/ HTTP/1.1" 200 52
0:0:0:0:0:0:0:1 - - [06/Feb/2019:12:01:41 +0530] "POST /FundooNote/createnote HTTP/1.1" 400 1199
0:0:0:0:0:0:0:1 - - [06/Feb/2019:12:02:04 +0530] "POST /FundooNote/createnote?id=1 HTTP/1.1" 500 12100
127.0.0.1 - - [06/Feb/2019:12:06:43 +0530] "GET /FundooNote/ HTTP/1.1" 200 52
0:0:0:0:0:0:0:1 - - [06/Feb/2019:12:06:51 +0530] "POST /FundooNote/createnote?id=1 HTTP/1.1" 500 12100
127.0.0.1 - - [06/Feb/2019:12:12:40 +0530] "GET / HTTP/1.1" 404 1074
127.0.0.1 - - [06/Feb/2019:12:12:41 +0530] "GET /FundooNote/ HTTP/1.1" 200 52
0:0:0:0:0:0:0:1 - - [06/Feb/2019:12:14:01 +0530] "POST /FundooNote/createnote?id=1 HTTP/1.1" 500 18713
127.0.0.1 - - [06/Feb/2019:12:20:03 +0530] "GET / HTTP/1.1" 404 1074
127.0.0.1 - - [06/Feb/2019:12:20:03 +0530] "GET /FundooNote/ HTTP/1.1" 200 52
0:0:0:0:0:0:0:1 - - [06/Feb/2019:12:20:10 +0530] "POST /FundooNote/createnote?id=1 HTTP/1.1" 500 18713
0:0:0:0:0:0:0:1 - - [06/Feb/2019:12:20:17 +0530] "POST /FundooNote/createnote?id=2 HTTP/1.1" 500 18713
127.0.0.1 - - [06/Feb/2019:12:20:47 +0530] "GET / HTTP/1.1" 404 1074
127.0.0.1 - - [06/Feb/2019:12:20:47 +0530] "GET /FundooNote/ HTTP/1.1" 200 52
0:0:0:0:0:0:0:1 - - [06/Feb/2019:12:21:07 +0530] "POST /FundooNote/createnote?id=1 HTTP/1.1" 500 12100
127.0.0.1 - - [06/Feb/2019:12:22:32 +0530] "GET / HTTP/1.1" 404 1074
127.0.0.1 - - [06/Feb/2019:12:22:33 +0530] "GET /FundooNote/ HTTP/1.1" 200 52
0:0:0:0:0:0:0:1 - - [06/Feb/2019:12:22:40 +0530] "POST /FundooNote/createnote?id=1 HTTP/1.1" 500 12100
127.0.0.1 - - [06/Feb/2019:12:24:59 +0530] "GET / HTTP/1.1" 404 1074
127.0.0.1 - - [06/Feb/2019:12:24:59 +0530] "GET /FundooNote/ HTTP/1.1" 200 52
0:0:0:0:0:0:0:1 - - [06/Feb/2019:12:25:17 +0530] "POST /FundooNote/createnote?id=1 HTTP/1.1" 500 12100
127.0.0.1 - - [06/Feb/2019:12:25:52 +0530] "GET / HTTP/1.1" 404 1074
127.0.0.1 - - [06/Feb/2019:12:25:52 +0530] "GET /FundooNote/ HTTP/1.1" 200 52
0:0:0:0:0:0:0:1 - - [06/Feb/2019:12:26:21 +0530] "POST /FundooNote/createnote?id=1 HTTP/1.1" 500 12100
127.0.0.1 - - [06/Feb/2019:12:30:04 +0530] "GET / HTTP/1.1" 404 1074
127.0.0.1 - - [06/Feb/2019:12:30:04 +0530] "GET /FundooNote/ HTTP/1.1" 200 52
0:0:0:0:0:0:0:1 - - [06/Feb/2019:12:30:10 +0530] "POST /FundooNote/createnote?id=1 HTTP/1.1" 500 12096
127.0.0.1 - - [06/Feb/2019:12:32:07 +0530] "GET / HTTP/1.1" 404 1074
127.0.0.1 - - [06/Feb/2019:12:32:08 +0530] "GET /FundooNote/ HTTP/1.1" 200 52
0:0:0:0:0:0:0:1 - - [06/Feb/2019:12:32:15 +0530] "POST /FundooNote/createnote?id=1 HTTP/1.1" 500 7201
127.0.0.1 - - [06/Feb/2019:12:33:17 +0530] "GET / HTTP/1.1" 404 1074
127.0.0.1 - - [06/Feb/2019:12:33:18 +0530] "GET /FundooNote/ HTTP/1.1" 200 52
0:0:0:0:0:0:0:1 - - [06/Feb/2019:12:33:25 +0530] "POST /FundooNote/createnote?id=1 HTTP/1.1" 200 24
127.0.0.1 - - [06/Feb/2019:12:36:32 +0530] "GET / HTTP/1.1" 404 1074
127.0.0.1 - - [06/Feb/2019:12:36:32 +0530] "GET /FundooNote/ HTTP/1.1" 200 52
0:0:0:0:0:0:0:1 - - [06/Feb/2019:12:36:49 +0530] "POST /FundooNote/createnote?id=1 HTTP/1.1" 500 12096
127.0.0.1 - - [06/Feb/2019:12:38:15 +0530] "GET / HTTP/1.1" 404 1074
127.0.0.1 - - [06/Feb/2019:12:38:16 +0530] "GET /FundooNote/ HTTP/1.1" 200 52
0:0:0:0:0:0:0:1 - - [06/Feb/2019:12:38:19 +0530] "POST /FundooNote/createnote?id=1 HTTP/1.1" 500 12096
127.0.0.1 - - [06/Feb/2019:12:40:57 +0530] "GET / HTTP/1.1" 404 1074
127.0.0.1 - - [06/Feb/2019:12:40:57 +0530] "GET /FundooNote/ HTTP/1.1" 200 52
0:0:0:0:0:0:0:1 - - [06/Feb/2019:12:41:03 +0530] "POST /FundooNote/createnote?id=1 HTTP/1.1" 500 12096
127.0.0.1 - - [06/Feb/2019:12:46:51 +0530] "GET / HTTP/1.1" 404 1074
127.0.0.1 - - [06/Feb/2019:12:46:52 +0530] "GET /FundooNote/ HTTP/1.1" 200 52
0:0:0:0:0:0:0:1 - - [06/Feb/2019:12:46:57 +0530] "POST /FundooNote/createnote?id=1 HTTP/1.1" 500 12096
127.0.0.1 - - [06/Feb/2019:12:47:53 +0530] "GET / HTTP/1.1" 404 1074
127.0.0.1 - - [06/Feb/2019:12:47:53 +0530] "GET /FundooNote/ HTTP/1.1" 200 52
0:0:0:0:0:0:0:1 - - [06/Feb/2019:12:47:59 +0530] "POST /FundooNote/createnote?id=1 HTTP/1.1" 500 12096
127.0.0.1 - - [06/Feb/2019:12:50:32 +0530] "GET / HTTP/1.1" 404 1074
127.0.0.1 - - [06/Feb/2019:12:50:33 +0530] "GET /FundooNote/ HTTP/1.1" 200 52
0:0:0:0:0:0:0:1 - - [06/Feb/2019:12:50:45 +0530] "POST /FundooNote/createnote?id=1 HTTP/1.1" 500 12096
127.0.0.1 - - [06/Feb/2019:12:52:08 +0530] "GET / HTTP/1.1" 404 1074
127.0.0.1 - - [06/Feb/2019:12:52:08 +0530] "GET /FundooNote/ HTTP/1.1" 200 52
0:0:0:0:0:0:0:1 - - [06/Feb/2019:12:52:14 +0530] "POST /FundooNote/createnote?id=1 HTTP/1.1" 500 12096
127.0.0.1 - - [06/Feb/2019:12:56:08 +0530] "GET / HTTP/1.1" 404 1074
127.0.0.1 - - [06/Feb/2019:12:56:09 +0530] "GET /FundooNote/ HTTP/1.1" 200 52
0:0:0:0:0:0:0:1 - - [06/Feb/2019:12:56:15 +0530] "POST /FundooNote/createnote?id=1 HTTP/1.1" 500 12096
127.0.0.1 - - [06/Feb/2019:12:58:19 +0530] "GET / HTTP/1.1" 404 1074
127.0.0.1 - - [06/Feb/2019:12:58:20 +0530] "GET /FundooNote/ HTTP/1.1" 200 52
0:0:0:0:0:0:0:1 - - [06/Feb/2019:12:58:33 +0530] "POST /FundooNote/createnote?id=2 HTTP/1.1" 500 12096
127.0.0.1 - - [06/Feb/2019:13:03:57 +0530] "GET / HTTP/1.1" 404 1074
127.0.0.1 - - [06/Feb/2019:13:03:57 +0530] "GET /FundooNote/ HTTP/1.1" 200 52
0:0:0:0:0:0:0:1 - - [06/Feb/2019:13:04:03 +0530] "POST /FundooNote/createnote?id=8 HTTP/1.1" 500 6317
0:0:0:0:0:0:0:1 - - [06/Feb/2019:13:05:40 +0530] "POST /FundooNote/createnote?id=8 HTTP/1.1" 500 6317
127.0.0.1 - - [06/Feb/2019:13:06:59 +0530] "GET / HTTP/1.1" 404 1074
127.0.0.1 - - [06/Feb/2019:13:06:59 +0530] "GET /FundooNote/ HTTP/1.1" 200 52
127.0.0.1 - - [06/Feb/2019:13:08:11 +0530] "GET / HTTP/1.1" 404 1074
0:0:0:0:0:0:0:1 - - [06/Feb/2019:13:08:34 +0530] "POST /FundooNote/createnote?id=8 HTTP/1.1" 200 24
127.0.0.1 - - [06/Feb/2019:13:10:23 +0530] "GET / HTTP/1.1" 404 1074
0:0:0:0:0:0:0:1 - - [06/Feb/2019:13:10:38 +0530] "POST /FundooNote/createnote?id=8 HTTP/1.1" 500 6142
127.0.0.1 - - [06/Feb/2019:13:12:13 +0530] "GET / HTTP/1.1" 404 1074
0:0:0:0:0:0:0:1 - - [06/Feb/2019:13:12:20 +0530] "POST /FundooNote/createnote?id=8 HTTP/1.1" 500 6142
127.0.0.1 - - [06/Feb/2019:13:12:43 +0530] "GET / HTTP/1.1" 404 1074
127.0.0.1 - - [06/Feb/2019:13:13:16 +0530] "GET / HTTP/1.1" 404 1074
127.0.0.1 - - [06/Feb/2019:13:13:17 +0530] "GET /FundooNote/ HTTP/1.1" 200 52
0:0:0:0:0:0:0:1 - - [06/Feb/2019:13:13:26 +0530] "POST /FundooNote/createnote?id=8 HTTP/1.1" 500 6142
127.0.0.1 - - [06/Feb/2019:13:13:37 +0530] "GET / HTTP/1.1" 404 1074
127.0.0.1 - - [06/Feb/2019:13:13:37 +0530] "GET /FundooNote/WEB-INF/classes/com/bridgelabz/spring/service/NoteServiceImpl.java HTTP/1.1" 404 1047
0:0:0:0:0:0:0:1 - - [06/Feb/2019:13:13:39 +0530] "POST /FundooNote/createnote?id=8 HTTP/1.1" 500 6142
127.0.0.1 - - [06/Feb/2019:14:17:05 +0530] "GET / HTTP/1.1" 404 1074
127.0.0.1 - - [06/Feb/2019:14:17:05 +0530] "GET /FundooNote/ HTTP/1.1" 200 52
0:0:0:0:0:0:0:1 - - [06/Feb/2019:14:18:25 +0530] "POST /FundooNote/createnote?id=45 HTTP/1.1" 200 24
127.0.0.1 - - [06/Feb/2019:14:56:17 +0530] "GET / HTTP/1.1" 404 1074
127.0.0.1 - - [06/Feb/2019:14:56:17 +0530] "GET /FundooNote/ HTTP/1.1" 200 52
0:0:0:0:0:0:0:1 - - [06/Feb/2019:14:57:02 +0530] "POST /FundooNote/retrieve?id=45 HTTP/1.1" 405 1115
0:0:0:0:0:0:0:1 - - [06/Feb/2019:14:57:12 +0530] "GET /FundooNote/retrieve?id=45 HTTP/1.1" 302 673
127.0.0.1 - - [06/Feb/2019:15:23:50 +0530] "GET /FundooNote/activationstatus/eyJhbGciOiJIUzI1NiJ9.eyJqdGkiOiI0OSIsInJvbGVzIjoiZXhpc3RpbmdVc2VyIiwiaWF0IjoxNTQ5NDM0MjUwfQ.buqCtRL0t6bOLgqWExwJjKxRsjGO1e9COz1Bi6FQ6E4 HTTP/1.1" 302 187
127.0.0.1 - - [06/Feb/2019:15:55:25 +0530] "GET / HTTP/1.1" 404 1074
127.0.0.1 - - [06/Feb/2019:15:55:25 +0530] "GET /FundooNote/ HTTP/1.1" 200 52
0:0:0:0:0:0:0:1 - - [06/Feb/2019:15:55:35 +0530] "GET /FundooNote/retrieve?id=45 HTTP/1.1" 302 371
127.0.0.1 - - [06/Feb/2019:17:08:37 +0530] "GET / HTTP/1.1" 404 1074
127.0.0.1 - - [06/Feb/2019:17:08:38 +0530] "GET /FundooNote/ HTTP/1.1" 200 52
0:0:0:0:0:0:0:1 - - [06/Feb/2019:17:09:26 +0530] "GET /FundooNote/login?emailId=viratkohil1gmail.com HTTP/1.1" 409 29
0:0:0:0:0:0:0:1 - - [06/Feb/2019:17:09:56 +0530] "GET /FundooNote/login?emailId=viratkohil1gmail.com HTTP/1.1" 409 29
0:0:0:0:0:0:0:1 - - [06/Feb/2019:17:13:43 +0530] "GET /FundooNote/login?emailId=viratkohil1gmail.com HTTP/1.1" 302 198
0:0:0:0:0:0:0:1 - - [06/Feb/2019:17:14:17 +0530] "GET /FundooNote/login?emailId=12356@gmail.com HTTP/1.1" 404 27
127.0.0.1 - - [06/Feb/2019:17:19:45 +0530] "GET / HTTP/1.1" 404 1074
127.0.0.1 - - [06/Feb/2019:17:19:45 +0530] "GET /FundooNote/ HTTP/1.1" 200 52
0:0:0:0:0:0:0:1 - - [06/Feb/2019:17:20:48 +0530] "GET /FundooNote/login?emailId=viratkohil1gmail.com&%20password=$2a$10$rIGooiQ89VpwEnA.Fiior.Bvc7x3EnPsZ6WpTC6499.xrwIYDKP5a HTTP/1.1" 400 1208
0:0:0:0:0:0:0:1 - - [06/Feb/2019:17:21:48 +0530] "GET /FundooNote/login?emailId=akash@gmail.com&%20password=$2a$10$vtZ7M67Se7yhd1A8JKojrewczmUDQ/jqcj/jgaNjE9BKsA/ArZVc6 HTTP/1.1" 400 1208
0:0:0:0:0:0:0:1 - - [06/Feb/2019:17:21:49 +0530] "GET /FundooNote/login?emailId=akash@gmail.com&%20password=$2a$10$vtZ7M67Se7yhd1A8JKojrewczmUDQ/jqcj/jgaNjE9BKsA/ArZVc6 HTTP/1.1" 400 1208
127.0.0.1 - - [06/Feb/2019:17:23:19 +0530] "GET / HTTP/1.1" 404 1074
127.0.0.1 - - [06/Feb/2019:17:23:20 +0530] "GET /FundooNote/ HTTP/1.1" 200 52
0:0:0:0:0:0:0:1 - - [06/Feb/2019:17:23:24 +0530] "GET /FundooNote/login?emailId=akash@gmail.com&%20password=$2a$10$vtZ7M67Se7yhd1A8JKojrewczmUDQ/jqcj/jgaNjE9BKsA/ArZVc6 HTTP/1.1" 400 1208
0:0:0:0:0:0:0:1 - - [06/Feb/2019:17:24:40 +0530] "GET /FundooNote/login?emailId=5646@gmail.com&%20password=1234 HTTP/1.1" 400 1208
0:0:0:0:0:0:0:1 - - [06/Feb/2019:17:25:47 +0530] "GET /FundooNote/login?emailId=5646@gmail.com&%20password=1234 HTTP/1.1" 400 1208
127.0.0.1 - - [06/Feb/2019:17:26:22 +0530] "GET / HTTP/1.1" 404 1074
127.0.0.1 - - [06/Feb/2019:17:26:22 +0530] "GET /FundooNote/ HTTP/1.1" 200 52
0:0:0:0:0:0:0:1 - - [06/Feb/2019:17:26:29 +0530] "GET /FundooNote/login?emailId=5646@gmail.com&%20password=1234 HTTP/1.1" 400 1208
0:0:0:0:0:0:0:1 - - [06/Feb/2019:17:28:02 +0530] "GET /FundooNote/login?emailId=5646@gmail.com&password=1234 HTTP/1.1" 404 27
0:0:0:0:0:0:0:1 - - [06/Feb/2019:17:29:29 +0530] "GET /FundooNote/register HTTP/1.1" 405 1114
0:0:0:0:0:0:0:1 - - [06/Feb/2019:17:29:39 +0530] "POST /FundooNote/register HTTP/1.1" 200 27
127.0.0.1 - - [06/Feb/2019:17:29:48 +0530] "GET /FundooNote/activationstatus/eyJhbGciOiJIUzI1NiJ9.eyJqdGkiOiI1MSIsInJvbGVzIjoiZXhpc3RpbmdVc2VyIiwiaWF0IjoxNTQ5NDU0MzczfQ.p9OEzL9D5TEGKUkSa8HpRNnDjptvbU-8o51z2CZVX9Y HTTP/1.1" 302 193
0:0:0:0:0:0:0:1 - - [06/Feb/2019:17:30:41 +0530] "POST /FundooNote/login?emailId=adiganaveen@gmail.com&password=999 HTTP/1.1" 405 1115
0:0:0:0:0:0:0:1 - - [06/Feb/2019:17:30:44 +0530] "GET /FundooNote/login?emailId=adiganaveen@gmail.com&password=999 HTTP/1.1" 409 29
0:0:0:0:0:0:0:1 - - [06/Feb/2019:17:30:57 +0530] "GET /FundooNote/login?emailId=adiganaveen@gmail.com&password=999 HTTP/1.1" 409 29
0:0:0:0:0:0:0:1 - - [06/Feb/2019:17:30:58 +0530] "GET /FundooNote/login?emailId=adiganaveen@gmail.com&password=999 HTTP/1.1" 409 29
127.0.0.1 - - [06/Feb/2019:17:32:12 +0530] "GET / HTTP/1.1" 404 1074
127.0.0.1 - - [06/Feb/2019:17:32:12 +0530] "GET /FundooNote/ HTTP/1.1" 200 52
0:0:0:0:0:0:0:1 - - [06/Feb/2019:17:32:18 +0530] "GET /FundooNote/login?emailId=adiganaveen@gmail.com&password=999 HTTP/1.1" 409 29
127.0.0.1 - - [06/Feb/2019:17:33:43 +0530] "GET / HTTP/1.1" 404 1074
127.0.0.1 - - [06/Feb/2019:17:33:44 +0530] "GET /FundooNote/ HTTP/1.1" 200 52
0:0:0:0:0:0:0:1 - - [06/Feb/2019:17:34:11 +0530] "GET /FundooNote/login?emailId=adiganaveengmail.com&password=999 HTTP/1.1" 302 193
127.0.0.1 - - [06/Feb/2019:17:37:15 +0530] "GET / HTTP/1.1" 404 1074
127.0.0.1 - - [06/Feb/2019:17:37:15 +0530] "GET /FundooNote/ HTTP/1.1" 200 52
0:0:0:0:0:0:0:1 - - [06/Feb/2019:17:37:22 +0530] "GET /FundooNote/login?emailId=adiganaveengmail.com&password=999 HTTP/1.1" 500 6169
127.0.0.1 - - [06/Feb/2019:17:39:44 +0530] "GET / HTTP/1.1" 404 1074
127.0.0.1 - - [06/Feb/2019:17:39:44 +0530] "GET /FundooNote/ HTTP/1.1" 200 52
0:0:0:0:0:0:0:1 - - [06/Feb/2019:17:39:53 +0530] "GET /FundooNote/login?emailId=adiganaveengmail.com&password=999 HTTP/1.1" 302 193
127.0.0.1 - - [06/Feb/2019:17:39:59 +0530] "GET /FundooNote/activationstatus/eyJhbGciOiJIUzI1NiJ9.eyJqdGkiOiJhZGlnYW5hdmVlbmdtYWlsLmNvbSIsInJvbGVzIjoiZXhpc3RpbmdVc2VyIiwiaWF0IjoxNTQ5NDU0OTg4fQ.ApeQ3Pfj800QF2XB6w-6e3rZCHrerol20nNBurc5YZM HTTP/1.1" 500 4684
127.0.0.1 - - [06/Feb/2019:17:39:59 +0530] "GET /favicon.ico HTTP/1.1" 404 1085
127.0.0.1 - - [06/Feb/2019:17:43:38 +0530] "GET / HTTP/1.1" 404 1074
127.0.0.1 - - [06/Feb/2019:17:43:38 +0530] "GET /FundooNote/ HTTP/1.1" 200 52
0:0:0:0:0:0:0:1 - - [06/Feb/2019:17:43:44 +0530] "GET /FundooNote/login?emailId=adiganaveengmail.com&password=999 HTTP/1.1" 302 193
127.0.0.1 - - [06/Feb/2019:17:46:25 +0530] "GET / HTTP/1.1" 404 1074
127.0.0.1 - - [06/Feb/2019:17:46:26 +0530] "GET /FundooNote/ HTTP/1.1" 200 52
0:0:0:0:0:0:0:1 - - [06/Feb/2019:17:46:38 +0530] "GET /FundooNote/login?emailId=adiganaveengmail.com&password=999 HTTP/1.1" 302 193
127.0.0.1 - - [06/Feb/2019:17:46:48 +0530] "GET /FundooNote/activationstatus/eyJhbGciOiJIUzI1NiJ9.eyJqdGkiOiI1MSIsInJvbGVzIjoiZXhpc3RpbmdVc2VyIiwiaWF0IjoxNTQ5NDU1MzkzfQ.lbZcG4CvhJphgjOC4RM2_OPdesvYuHuWg9a3x3OEkm4 HTTP/1.1" 302 193
127.0.0.1 - - [06/Feb/2019:18:51:59 +0530] "GET / HTTP/1.1" 404 1074
127.0.0.1 - - [06/Feb/2019:18:52:00 +0530] "GET /FundooNote/ HTTP/1.1" 200 52
0:0:0:0:0:0:0:1 - - [06/Feb/2019:18:52:03 +0530] "GET /FundooNote/login?emailId=adihanaveengmail.com&password=999 HTTP/1.1" 500 5003
